
> Configure project :
Fabric Loom: 1.11.8

> Task :compileJava UP-TO-DATE
> Task :processResources UP-TO-DATE
> Task :classes UP-TO-DATE
> Task :generateLog4jConfig UP-TO-DATE
> Task :generateRemapClasspath UP-TO-DATE
> Task :generateDLIConfig UP-TO-DATE
> Task :configureLaunch UP-TO-DATE

> Task :runServer
[22:40:36] [main/INFO] (FabricLoader/GameProvider) Loading Minecraft 1.21.1 with Fabric Loader 0.16.14
[22:40:36] [main/INFO] (FabricLoader) Loading 47 mods:
	- cardinal-components-base 6.1.0
	- cardinal-components-entity 6.1.0
	- fabric-api 0.116.17+1.21.1
	- fabric-api-base 0.4.42+6573ed8c48
	- fabric-api-lookup-api-v1 1.6.72+7b3d111d19
	- fabric-biome-api-v1 13.0.31+d527f9fd19
	- fabric-block-api-v1 1.1.0+0bc3503219
	- fabric-block-view-api-v2 1.0.11+ebb2264e19
	- fabric-command-api-v1 1.2.49+f71b366f19
	- fabric-command-api-v2 2.2.28+6ced4dd919
	- fabric-commands-v0 0.2.66+df3654b319
	- fabric-content-registries-v0 8.0.19+b559734419
	- fabric-convention-tags-v1 2.1.7+7f945d5b19
	- fabric-convention-tags-v2 2.12.0+c3656daa19
	- fabric-crash-report-info-v1 0.2.29+0af3f5a719
	- fabric-data-attachment-api-v1 1.4.7+5b36e0f719
	- fabric-data-generation-api-v1 20.3.0+1eb36c0719
	- fabric-dimensions-v1 4.0.1+65213ef819
	- fabric-entity-events-v1 1.8.0+2b27e0a419
	- fabric-events-interaction-v0 0.7.14+ba9dae0619
	- fabric-game-rule-api-v1 1.0.53+6ced4dd919
	- fabric-gametest-api-v1 2.0.5+6fc22b9919
	- fabric-item-api-v1 11.3.0+467044f319
	- fabric-item-group-api-v1 4.1.7+def88e3a19
	- fabric-lifecycle-events-v1 2.6.0+0865547519
	- fabric-loot-api-v2 3.0.15+3f89f5a519
	- fabric-loot-api-v3 1.0.3+3f89f5a519
	- fabric-message-api-v1 6.0.14+8aaf3aca19
	- fabric-networking-api-v1 4.3.1+d30f6a7919
	- fabric-object-builder-api-v1 15.2.1+40875a9319
	- fabric-particles-v1 4.0.2+6573ed8c19
	- fabric-recipe-api-v1 5.0.16+2475392c19
	- fabric-registry-sync-v0 5.3.2+e3eddc2119
	- fabric-rendering-data-attachment-v1 0.3.49+73761d2e19
	- fabric-rendering-fluids-v1 3.1.6+1daea21519
	- fabric-resource-conditions-api-v1 4.3.0+8dc279b119
	- fabric-resource-loader-v0 1.3.1+5b5275af19
	- fabric-screen-handler-api-v1 1.3.91+b559734419
	- fabric-tag-api-v1 1.3.0+1eb36c0719
	- fabric-transfer-api-v1 5.4.4+7b3d111d19
	- fabric-transitive-access-wideners-v1 6.2.0+45b9699719
	- fabricloader 0.16.14
	- java 21
	- minecraft 1.21.1
	- mixinextras 0.4.1
	- trinkets 3.10.0
	- weaversparadise 1.6.2.1-fabric
[22:40:36] [main/INFO] (FabricLoader/Mixin) SpongePowered MIXIN Subsystem Version=0.8.7 Source=file:/C:/Users/%d0%9b%d0%b8%d0%bd%d0%ba%d1%81/.gradle/caches/modules-2/files-2.1/net.fabricmc/sponge-mixin/0.15.5+mixin.0.8.7/22f9eb729e216a091673a574a5906dc1b9027fb3/sponge-mixin-0.15.5+mixin.0.8.7.jar Service=Knot/Fabric Env=SERVER
[22:40:36] [main/INFO] (FabricLoader/Mixin) Loaded Fabric development mappings for mixin remapper!
[22:40:36] [main/INFO] (FabricLoader/Mixin) Compatibility level set to JAVA_17
[22:40:36] [main/INFO] (FabricLoader/Mixin) Compatibility level set to JAVA_21
[22:40:37] [main/INFO] (FabricLoader/MixinExtras|Service) Initializing MixinExtras via com.llamalad7.mixinextras.service.MixinExtrasServiceImpl(version=0.4.1).
[22:40:42] [main/ERROR] (Minecraft) No data fixer registered for flag
[22:40:42] [main/INFO] (WeaversParadise) Weavers Paradise (Fabric) initialized
[22:40:42] [main/ERROR] (Minecraft) Failed to load properties from file: server.properties
java.nio.file.NoSuchFileException: server.properties
	at java.base/sun.nio.fs.WindowsException.translateToIOException(WindowsException.java:85) ~[?:?]
	at java.base/sun.nio.fs.WindowsException.rethrowAsIOException(WindowsException.java:103) ~[?:?]
	at java.base/sun.nio.fs.WindowsException.rethrowAsIOException(WindowsException.java:108) ~[?:?]
	at java.base/sun.nio.fs.WindowsFileSystemProvider.newByteChannel(WindowsFileSystemProvider.java:234) ~[?:?]
	at java.base/java.nio.file.Files.newByteChannel(Files.java:379) ~[?:?]
	at java.base/java.nio.file.Files.newByteChannel(Files.java:431) ~[?:?]
	at java.base/java.nio.file.spi.FileSystemProvider.newInputStream(FileSystemProvider.java:420) ~[?:?]
	at java.base/java.nio.file.Files.newInputStream(Files.java:159) ~[?:?]
	at knot/net.minecraft.server.dedicated.Settings.loadFromFile(Settings.java:62) [minecraft-merged-a018408844-1.21.1-loom.mappings.1_21_1.layered+hash.2198-v2.jar:?]
	at knot/net.minecraft.server.dedicated.DedicatedServerProperties.fromFile(DedicatedServerProperties.java:141) [minecraft-merged-a018408844-1.21.1-loom.mappings.1_21_1.layered+hash.2198-v2.jar:?]
	at knot/net.minecraft.server.dedicated.DedicatedServerSettings.<init>(DedicatedServerSettings.java:12) [minecraft-merged-a018408844-1.21.1-loom.mappings.1_21_1.layered+hash.2198-v2.jar:?]
	at knot/net.minecraft.server.Main.main(Main.java:114) [minecraft-merged-a018408844-1.21.1-loom.mappings.1_21_1.layered+hash.2198-v2.jar:?]
	at net.fabricmc.loader.impl.game.minecraft.MinecraftGameProvider.launch(MinecraftGameProvider.java:480) [fabric-loader-0.16.14.jar:?]
	at net.fabricmc.loader.impl.launch.knot.Knot.launch(Knot.java:74) [fabric-loader-0.16.14.jar:?]
	at net.fabricmc.loader.impl.launch.knot.KnotServer.main(KnotServer.java:23) [fabric-loader-0.16.14.jar:?]
	at net.fabricmc.devlaunchinjector.Main.main(Main.java:86) [dev-launch-injector-0.2.1+build.8.jar:?]
[22:40:42] [main/INFO] (Minecraft) Environment: Environment[sessionHost=https://sessionserver.mojang.com, servicesHost=https://api.minecraftservices.com, name=PROD]
[22:40:43] [main/INFO] (Minecraft) No existing world data, creating new world
[22:40:43] [Worker-Main-3/ERROR] (Minecraft) Couldn't parse element minecraft:loot_table/weaversparadise:patchouli_book_on_join - No component with type: 'patchouli:book'; No component with type: 'patchouli:book' missed input: {"patchouli:book":"weaversparadise:weavers_manual"}; Unknown registry key in ResourceKey[minecraft:root / minecraft:item]: patchouli:guide_book
[22:40:44] [main/ERROR] (Minecraft) Parsing error loading recipe weaversparadise:weavers_manual_recipe
com.google.gson.JsonParseException: No component with type: 'patchouli:book'; No component with type: 'patchouli:book' missed input: {"patchouli:book":"weaversparadise:weavers_manual"}; Unknown registry key in ResourceKey[minecraft:root / minecraft:item]: patchouli:guide_book
	at knot/com.mojang.serialization.DataResult$Error.getOrThrow(DataResult.java:287) ~[datafixerupper-8.0.16.jar:?]
	at knot/net.minecraft.world.item.crafting.RecipeManager.apply(RecipeManager.java:62) ~[minecraft-merged-a018408844-1.21.1-loom.mappings.1_21_1.layered+hash.2198-v2.jar:?]
	at knot/net.minecraft.world.item.crafting.RecipeManager.apply(RecipeManager.java:35) ~[minecraft-merged-a018408844-1.21.1-loom.mappings.1_21_1.layered+hash.2198-v2.jar:?]
	at knot/net.minecraft.server.packs.resources.SimplePreparableReloadListener.method_18790(SimplePreparableReloadListener.java:13) ~[minecraft-merged-a018408844-1.21.1-loom.mappings.1_21_1.layered+hash.2198-v2.jar:?]
	at java.base/java.util.concurrent.CompletableFuture$UniAccept.tryFire(CompletableFuture.java:718) ~[?:?]
	at java.base/java.util.concurrent.CompletableFuture$Completion.run(CompletableFuture.java:482) ~[?:?]
	at knot/net.minecraft.server.packs.resources.SimpleReloadInstance.method_18365(SimpleReloadInstance.java:69) ~[minecraft-merged-a018408844-1.21.1-loom.mappings.1_21_1.layered+hash.2198-v2.jar:?]
	at knot/net.minecraft.Util.blockUntilDone(Util.java:1024) [minecraft-merged-a018408844-1.21.1-loom.mappings.1_21_1.layered+hash.2198-v2.jar:?]
	at knot/net.minecraft.Util.blockUntilDone(Util.java:1012) [minecraft-merged-a018408844-1.21.1-loom.mappings.1_21_1.layered+hash.2198-v2.jar:?]
	at knot/net.minecraft.server.Main.main(Main.java:182) [minecraft-merged-a018408844-1.21.1-loom.mappings.1_21_1.layered+hash.2198-v2.jar:?]
	at net.fabricmc.loader.impl.game.minecraft.MinecraftGameProvider.launch(MinecraftGameProvider.java:480) [fabric-loader-0.16.14.jar:?]
	at net.fabricmc.loader.impl.launch.knot.Knot.launch(Knot.java:74) [fabric-loader-0.16.14.jar:?]
	at net.fabricmc.loader.impl.launch.knot.KnotServer.main(KnotServer.java:23) [fabric-loader-0.16.14.jar:?]
	at net.fabricmc.devlaunchinjector.Main.main(Main.java:86) [dev-launch-injector-0.2.1+build.8.jar:?]
[22:40:44] [main/INFO] (Minecraft) Loaded 1497 recipes
[22:40:44] [main/INFO] (Minecraft) Loaded 1400 advancements
[22:40:44] [main/INFO] (BiomeModificationImpl) Applied 0 biome modifications to 0 of 64 new biomes in 840.6 μs
[22:40:44] [Server thread/INFO] (Minecraft) Starting minecraft server version 1.21.1
[22:40:44] [Server thread/INFO] (Minecraft) Loading properties
[22:40:44] [Server thread/INFO] (Minecraft) Default game type: SURVIVAL
[22:40:44] [Server thread/INFO] (Minecraft) Generating keypair
[22:40:44] [Server thread/INFO] (Minecraft) Starting Minecraft server on *:25565
[22:40:44] [Server thread/INFO] (Minecraft) Using default channel type
[22:40:44] [Server thread/INFO] (Minecraft) Preparing level "world"
[22:40:47] [Server thread/INFO] (Minecraft) Preparing start region for dimension minecraft:overworld
[22:40:47] [Worker-Main-10/INFO] (Minecraft) Preparing spawn area: 2%
[22:40:48] [Worker-Main-11/INFO] (Minecraft) Preparing spawn area: 2%
[22:40:48] [Worker-Main-3/INFO] (Minecraft) Preparing spawn area: 2%
[22:40:49] [Worker-Main-5/INFO] (Minecraft) Preparing spawn area: 18%
[22:40:49] [Worker-Main-6/INFO] (Minecraft) Preparing spawn area: 51%
[22:40:50] [Server thread/INFO] (Minecraft) Time elapsed: 2467 ms
[22:40:50] [Server thread/INFO] (Minecraft) Done (5.202s)! For help, type "help"
[22:40:50] [Server thread/WARN] (TranslationConventionLogWarnings) 
	Dev warning - Untranslated Item Tags detected. Please translate your item tags so other mods such as recipe viewers can properly display your tag's name.
	The format desired is tag.item.<namespace>.<path> for the translation key with slashes in path turned into periods.
	To disable this message, set this system property in your runs: `-Dfabric-tag-conventions-v2.missingTagTranslationWarning=SILENCED`.
	To see individual untranslated item tags found, set the system property to `-Dfabric-tag-conventions-v2.missingTagTranslationWarning=VERBOSE`.
	Default is `SHORT`.

